##############################################################################
### Linux-specific modelines for vga=
## Colors           640x480     800x600      1024x768     1280x1024
#  256      8 bit     769         771           773          775
#  32000   15 bit     784         787           790          793
#  65000   16 bit     785         788           791          794
#  16.7M   24 bit     786         789           792          795*
## * Avoid these

title Linux (GRUB2)
find --set-root --ignore-floppies --ignore-cd /boot/grub/core.img
kernel /boot/grub/core.img
find /boot/grub/initrd.gz && initrd /boot/grub/initrd.gz
find /boot/grub/initrd && initrd /boot/grub/initrd
boot

title KNOPPIX copied locally\nFind and boot from /KNOPPIX and /boot residing locally\nSee KNOPPIX boot option tohd=
## fails on Athena => comment out find
find --ignore-floppies /boot/isolinux/linux
## edit vga= and fromhd= if necessary
kernel /boot/isolinux/linux apm=power-off vga=794 nomce noscsi noideraid nosound nofirewire quiet xmodule=vesa loglevel=0 nolapic_timer noeject lang=us
initrd /boot/isolinux/minirt.gz

title DSL 4.4.10 copied locally\nFind and boot from /KNOPPIX and /boot residing locally\nSee KNOPPIX boot option tohd=
## fails on Athena => comment out find
find find --ignore-floppies /dsl-4.4.10/boot/isolinux/linux24
## edit vga= and fromhd= if necessary
kernel /dsl-4.4.10/boot/isolinux/linux24 apm=power-off vga=794 nomce noscsi noideraid nosound nofirewire quiet xmodule=vesa loglevel=0 nolapic_timer noeject lang=us
initrd /dsl-4.4.10/boot/isolinux/minirt24.gz

##
###
##############################################################################

### Before trying this, copy ubcd503.iso to the root of some drive
title Ultimate Boot CD 1
find --ignore-floppies --set-root /ubcd503.iso
map /ubcd503.iso (hd32)
map --hook
chainloader (hd32)
boot

title Ultimate Boot CD 2
find --ignore-floppies --set-root /ubcd503.iso
map /ubcd503.iso (0xff)
map --hook
chainloader (0xff)
boot

### Boots, but DSL cannot find CDROM
title DSL 4.4.10 from ISO (1)
find --ignore-floppies --set-root /dsl-4.4.10.iso
map /dsl-4.4.10.iso (0xff) || map --mem /dsl-4.4.10.iso (0xff)
map --hook
chainloader (0xff)

title DSL 4.4.10 from ISO (2)
map (hd0,0)/dsl-4.4.10.iso (hd32)
map --hook
root (hd32)
chainloader ()

title Return to menu
configfile /menu.lst || configfile /boot/grub/menu.lst || configfile /grub/menu.lst